[09:21:52] [Test worker/WARN]: Potentially Dangerous alternative prefix `ar_test` for name `packed_structure_g15_emptyStack`, expected `minecraft`. This could be a intended override, but in most cases indicates a broken mod.
[09:21:53] [Test worker/WARN]: Skipping malformed planet definition under star 'Sol' — check your planetDefs.xml: java.lang.NumberFormatException: For input string: "NOT_A_NUMBER"
java.lang.NumberFormatException: For input string: "NOT_A_NUMBER"
	at java.lang.NumberFormatException.forInputString(NumberFormatException.java:65) ~[?:1.8.0_492]
	at java.lang.Integer.parseInt(Integer.java:580) ~[?:1.8.0_492]
	at java.lang.Integer.parseInt(Integer.java:615) ~[?:1.8.0_492]
	at zmaster587.advancedRocketry.util.XMLPlanetLoader.readPlanetFromNode(XMLPlanetLoader.java:612) ~[main/:?]
	at zmaster587.advancedRocketry.util.XMLPlanetLoader.readAllPlanets(XMLPlanetLoader.java:1163) [main/:?]
	at zmaster587.advancedRocketry.test.integration.XMLPlanetLoaderTest.parse(XMLPlanetLoaderTest.java:56) [test/:?]
	at zmaster587.advancedRocketry.test.integration.XMLPlanetLoaderTest.invalidWeatherMarkerSkipsPlanetInsteadOfCrashing(XMLPlanetLoaderTest.java:180) [test/:?]
	at sun.reflect.NativeMethodAccessorImpl.invoke0(Native Method) ~[?:1.8.0_492]
	at sun.reflect.NativeMethodAccessorImpl.invoke(NativeMethodAccessorImpl.java:62) ~[?:1.8.0_492]
	at sun.reflect.DelegatingMethodAccessorImpl.invoke(DelegatingMethodAccessorImpl.java:43) ~[?:1.8.0_492]
	at java.lang.reflect.Method.invoke(Method.java:498) ~[?:1.8.0_492]
	at org.junit.runners.model.FrameworkMethod$1.runReflectiveCall(FrameworkMethod.java:59) [junit-4.13.2.jar:4.13.2]
	at org.junit.internal.runners.model.ReflectiveCallable.run(ReflectiveCallable.java:12) [junit-4.13.2.jar:4.13.2]
	at org.junit.runners.model.FrameworkMethod.invokeExplosively(FrameworkMethod.java:56) [junit-4.13.2.jar:4.13.2]
	at org.junit.internal.runners.statements.InvokeMethod.evaluate(InvokeMethod.java:17) [junit-4.13.2.jar:4.13.2]
	at org.junit.rules.ExternalResource$1.evaluate(ExternalResource.java:54) [junit-4.13.2.jar:4.13.2]
	at org.junit.runners.ParentRunner$3.evaluate(ParentRunner.java:306) [junit-4.13.2.jar:4.13.2]
	at org.junit.runners.BlockJUnit4ClassRunner$1.evaluate(BlockJUnit4ClassRunner.java:100) [junit-4.13.2.jar:4.13.2]
	at org.junit.runners.ParentRunner.runLeaf(ParentRunner.java:366) [junit-4.13.2.jar:4.13.2]
	at org.junit.runners.BlockJUnit4ClassRunner.runChild(BlockJUnit4ClassRunner.java:103) [junit-4.13.2.jar:4.13.2]
	at org.junit.runners.BlockJUnit4ClassRunner.runChild(BlockJUnit4ClassRunner.java:63) [junit-4.13.2.jar:4.13.2]
	at org.junit.runners.ParentRunner$4.run(ParentRunner.java:331) [junit-4.13.2.jar:4.13.2]
	at org.junit.runners.ParentRunner$1.schedule(ParentRunner.java:79) [junit-4.13.2.jar:4.13.2]
	at org.junit.runners.ParentRunner.runChildren(ParentRunner.java:329) [junit-4.13.2.jar:4.13.2]
	at org.junit.runners.ParentRunner.access$100(ParentRunner.java:66) [junit-4.13.2.jar:4.13.2]
	at org.junit.runners.ParentRunner$2.evaluate(ParentRunner.java:293) [junit-4.13.2.jar:4.13.2]
	at org.junit.internal.runners.statements.RunBefores.evaluate(RunBefores.java:26) [junit-4.13.2.jar:4.13.2]
	at org.junit.runners.ParentRunner$3.evaluate(ParentRunner.java:306) [junit-4.13.2.jar:4.13.2]
	at org.junit.runners.ParentRunner.run(ParentRunner.java:413) [junit-4.13.2.jar:4.13.2]
	at org.junit.runner.JUnitCore.run(JUnitCore.java:137) [junit-4.13.2.jar:4.13.2]
	at org.junit.runner.JUnitCore.run(JUnitCore.java:115) [junit-4.13.2.jar:4.13.2]
	at org.gradle.api.internal.tasks.testing.junit.JUnitTestClassExecutor.runRequest(JUnitTestClassExecutor.java:176) [gradle-testing-jvm-infrastructure-9.2.1.jar:9.2.1]
	at org.gradle.api.internal.tasks.testing.junit.JUnitTestClassExecutor.execute(JUnitTestClassExecutor.java:84) [gradle-testing-jvm-infrastructure-9.2.1.jar:9.2.1]
	at org.gradle.api.internal.tasks.testing.junit.JUnitTestClassExecutor.execute(JUnitTestClassExecutor.java:45) [gradle-testing-jvm-infrastructure-9.2.1.jar:9.2.1]
	at org.gradle.api.internal.tasks.testing.junit.AbstractJUnitTestClassProcessor.processTestClass(AbstractJUnitTestClassProcessor.java:61) [gradle-testing-jvm-infrastructure-9.2.1.jar:9.2.1]
	at org.gradle.api.internal.tasks.testing.SuiteTestClassProcessor.processTestClass(SuiteTestClassProcessor.java:54) [gradle-testing-base-infrastructure-9.2.1.jar:9.2.1]
	at sun.reflect.NativeMethodAccessorImpl.invoke0(Native Method) ~[?:1.8.0_492]
	at sun.reflect.NativeMethodAccessorImpl.invoke(NativeMethodAccessorImpl.java:62) ~[?:1.8.0_492]
	at sun.reflect.DelegatingMethodAccessorImpl.invoke(DelegatingMethodAccessorImpl.java:43) ~[?:1.8.0_492]
	at java.lang.reflect.Method.invoke(Method.java:498) ~[?:1.8.0_492]
	at org.gradle.internal.dispatch.MethodInvocation.invokeOn(MethodInvocation.java:77) [gradle-messaging-9.2.1.jar:9.2.1]
	at org.gradle.internal.dispatch.ReflectionDispatch.dispatch(ReflectionDispatch.java:28) [gradle-messaging-9.2.1.jar:9.2.1]
	at org.gradle.internal.dispatch.ReflectionDispatch.dispatch(ReflectionDispatch.java:19) [gradle-messaging-9.2.1.jar:9.2.1]
	at org.gradle.internal.dispatch.ContextClassLoaderDispatch.dispatch(ContextClassLoaderDispatch.java:33) [gradle-messaging-9.2.1.jar:9.2.1]
	at org.gradle.internal.dispatch.ProxyDispatchAdapter$DispatchingInvocationHandler.invoke(ProxyDispatchAdapter.java:88) [gradle-messaging-9.2.1.jar:9.2.1]
	at com.sun.proxy.$Proxy4.processTestClass(Unknown Source) [?:?]
	at org.gradle.api.internal.tasks.testing.worker.TestWorker$2.run(TestWorker.java:177) [gradle-testing-base-infrastructure-9.2.1.jar:9.2.1]
	at org.gradle.api.internal.tasks.testing.worker.TestWorker.executeAndMaintainThreadName(TestWorker.java:126) [gradle-testing-base-infrastructure-9.2.1.jar:9.2.1]
	at org.gradle.api.internal.tasks.testing.worker.TestWorker.execute(TestWorker.java:103) [gradle-testing-base-infrastructure-9.2.1.jar:9.2.1]
	at org.gradle.api.internal.tasks.testing.worker.TestWorker.execute(TestWorker.java:63) [gradle-testing-base-infrastructure-9.2.1.jar:9.2.1]
	at org.gradle.process.internal.worker.child.ActionExecutionWorker.execute(ActionExecutionWorker.java:56) [gradle-worker-main-9.2.1.jar:9.2.1]
	at org.gradle.process.internal.worker.child.SystemApplicationClassLoaderWorker.call(SystemApplicationClassLoaderWorker.java:122) [gradle-worker-main-9.2.1.jar:9.2.1]
	at org.gradle.process.internal.worker.child.SystemApplicationClassLoaderWorker.call(SystemApplicationClassLoaderWorker.java:72) [gradle-worker-main-9.2.1.jar:9.2.1]
	at worker.org.gradle.process.internal.worker.GradleWorkerMain.run(GradleWorkerMain.java:69) [gradle-worker.jar:?]
	at worker.org.gradle.process.internal.worker.GradleWorkerMain.main(GradleWorkerMain.java:74) [gradle-worker.jar:?]
[09:21:53] [Test worker/WARN]: Dim 7601 has no biomes to save!
[09:21:53] [Test worker/WARN]:  is not a valid biome id or name
[09:21:53] [Test worker/WARN]: Skipping malformed planet definition under star 'Sol' — check your planetDefs.xml: java.lang.NumberFormatException: For input string: "NOT_A_NUMBER"
java.lang.NumberFormatException: For input string: "NOT_A_NUMBER"
	at java.lang.NumberFormatException.forInputString(NumberFormatException.java:65) ~[?:1.8.0_492]
	at java.lang.Integer.parseInt(Integer.java:580) ~[?:1.8.0_492]
	at java.lang.Integer.parseInt(Integer.java:615) ~[?:1.8.0_492]
	at zmaster587.advancedRocketry.util.XMLPlanetLoader.readPlanetFromNode(XMLPlanetLoader.java:612) ~[main/:?]
	at zmaster587.advancedRocketry.util.XMLPlanetLoader.readAllPlanets(XMLPlanetLoader.java:1163) [main/:?]
	at zmaster587.advancedRocketry.test.integration.XMLPlanetLoaderTest.parse(XMLPlanetLoaderTest.java:56) [test/:?]
	at zmaster587.advancedRocketry.test.integration.XMLPlanetLoaderTest.malformedPlanetIsSkippedAndOthersStillLoad(XMLPlanetLoaderTest.java:405) [test/:?]
	at sun.reflect.NativeMethodAccessorImpl.invoke0(Native Method) ~[?:1.8.0_492]
	at sun.reflect.NativeMethodAccessorImpl.invoke(NativeMethodAccessorImpl.java:62) ~[?:1.8.0_492]
	at sun.reflect.DelegatingMethodAccessorImpl.invoke(DelegatingMethodAccessorImpl.java:43) ~[?:1.8.0_492]
	at java.lang.reflect.Method.invoke(Method.java:498) ~[?:1.8.0_492]
	at org.junit.runners.model.FrameworkMethod$1.runReflectiveCall(FrameworkMethod.java:59) [junit-4.13.2.jar:4.13.2]
	at org.junit.internal.runners.model.ReflectiveCallable.run(ReflectiveCallable.java:12) [junit-4.13.2.jar:4.13.2]
	at org.junit.runners.model.FrameworkMethod.invokeExplosively(FrameworkMethod.java:56) [junit-4.13.2.jar:4.13.2]
	at org.junit.internal.runners.statements.InvokeMethod.evaluate(InvokeMethod.java:17) [junit-4.13.2.jar:4.13.2]
	at org.junit.rules.ExternalResource$1.evaluate(ExternalResource.java:54) [junit-4.13.2.jar:4.13.2]
	at org.junit.runners.ParentRunner$3.evaluate(ParentRunner.java:306) [junit-4.13.2.jar:4.13.2]
	at org.junit.runners.BlockJUnit4ClassRunner$1.evaluate(BlockJUnit4ClassRunner.java:100) [junit-4.13.2.jar:4.13.2]
	at org.junit.runners.ParentRunner.runLeaf(ParentRunner.java:366) [junit-4.13.2.jar:4.13.2]
	at org.junit.runners.BlockJUnit4ClassRunner.runChild(BlockJUnit4ClassRunner.java:103) [junit-4.13.2.jar:4.13.2]
	at org.junit.runners.BlockJUnit4ClassRunner.runChild(BlockJUnit4ClassRunner.java:63) [junit-4.13.2.jar:4.13.2]
	at org.junit.runners.ParentRunner$4.run(ParentRunner.java:331) [junit-4.13.2.jar:4.13.2]
	at org.junit.runners.ParentRunner$1.schedule(ParentRunner.java:79) [junit-4.13.2.jar:4.13.2]
	at org.junit.runners.ParentRunner.runChildren(ParentRunner.java:329) [junit-4.13.2.jar:4.13.2]
	at org.junit.runners.ParentRunner.access$100(ParentRunner.java:66) [junit-4.13.2.jar:4.13.2]
	at org.junit.runners.ParentRunner$2.evaluate(ParentRunner.java:293) [junit-4.13.2.jar:4.13.2]
	at org.junit.internal.runners.statements.RunBefores.evaluate(RunBefores.java:26) [junit-4.13.2.jar:4.13.2]
	at org.junit.runners.ParentRunner$3.evaluate(ParentRunner.java:306) [junit-4.13.2.jar:4.13.2]
	at org.junit.runners.ParentRunner.run(ParentRunner.java:413) [junit-4.13.2.jar:4.13.2]
	at org.junit.runner.JUnitCore.run(JUnitCore.java:137) [junit-4.13.2.jar:4.13.2]
	at org.junit.runner.JUnitCore.run(JUnitCore.java:115) [junit-4.13.2.jar:4.13.2]
	at org.gradle.api.internal.tasks.testing.junit.JUnitTestClassExecutor.runRequest(JUnitTestClassExecutor.java:176) [gradle-testing-jvm-infrastructure-9.2.1.jar:9.2.1]
	at org.gradle.api.internal.tasks.testing.junit.JUnitTestClassExecutor.execute(JUnitTestClassExecutor.java:84) [gradle-testing-jvm-infrastructure-9.2.1.jar:9.2.1]
	at org.gradle.api.internal.tasks.testing.junit.JUnitTestClassExecutor.execute(JUnitTestClassExecutor.java:45) [gradle-testing-jvm-infrastructure-9.2.1.jar:9.2.1]
	at org.gradle.api.internal.tasks.testing.junit.AbstractJUnitTestClassProcessor.processTestClass(AbstractJUnitTestClassProcessor.java:61) [gradle-testing-jvm-infrastructure-9.2.1.jar:9.2.1]
	at org.gradle.api.internal.tasks.testing.SuiteTestClassProcessor.processTestClass(SuiteTestClassProcessor.java:54) [gradle-testing-base-infrastructure-9.2.1.jar:9.2.1]
	at sun.reflect.NativeMethodAccessorImpl.invoke0(Native Method) ~[?:1.8.0_492]
	at sun.reflect.NativeMethodAccessorImpl.invoke(NativeMethodAccessorImpl.java:62) ~[?:1.8.0_492]
	at sun.reflect.DelegatingMethodAccessorImpl.invoke(DelegatingMethodAccessorImpl.java:43) ~[?:1.8.0_492]
	at java.lang.reflect.Method.invoke(Method.java:498) ~[?:1.8.0_492]
	at org.gradle.internal.dispatch.MethodInvocation.invokeOn(MethodInvocation.java:77) [gradle-messaging-9.2.1.jar:9.2.1]
	at org.gradle.internal.dispatch.ReflectionDispatch.dispatch(ReflectionDispatch.java:28) [gradle-messaging-9.2.1.jar:9.2.1]
	at org.gradle.internal.dispatch.ReflectionDispatch.dispatch(ReflectionDispatch.java:19) [gradle-messaging-9.2.1.jar:9.2.1]
	at org.gradle.internal.dispatch.ContextClassLoaderDispatch.dispatch(ContextClassLoaderDispatch.java:33) [gradle-messaging-9.2.1.jar:9.2.1]
	at org.gradle.internal.dispatch.ProxyDispatchAdapter$DispatchingInvocationHandler.invoke(ProxyDispatchAdapter.java:88) [gradle-messaging-9.2.1.jar:9.2.1]
	at com.sun.proxy.$Proxy4.processTestClass(Unknown Source) [?:?]
	at org.gradle.api.internal.tasks.testing.worker.TestWorker$2.run(TestWorker.java:177) [gradle-testing-base-infrastructure-9.2.1.jar:9.2.1]
	at org.gradle.api.internal.tasks.testing.worker.TestWorker.executeAndMaintainThreadName(TestWorker.java:126) [gradle-testing-base-infrastructure-9.2.1.jar:9.2.1]
	at org.gradle.api.internal.tasks.testing.worker.TestWorker.execute(TestWorker.java:103) [gradle-testing-base-infrastructure-9.2.1.jar:9.2.1]
	at org.gradle.api.internal.tasks.testing.worker.TestWorker.execute(TestWorker.java:63) [gradle-testing-base-infrastructure-9.2.1.jar:9.2.1]
	at org.gradle.process.internal.worker.child.ActionExecutionWorker.execute(ActionExecutionWorker.java:56) [gradle-worker-main-9.2.1.jar:9.2.1]
	at org.gradle.process.internal.worker.child.SystemApplicationClassLoaderWorker.call(SystemApplicationClassLoaderWorker.java:122) [gradle-worker-main-9.2.1.jar:9.2.1]
	at org.gradle.process.internal.worker.child.SystemApplicationClassLoaderWorker.call(SystemApplicationClassLoaderWorker.java:72) [gradle-worker-main-9.2.1.jar:9.2.1]
	at worker.org.gradle.process.internal.worker.GradleWorkerMain.run(GradleWorkerMain.java:69) [gradle-worker.jar:?]
	at worker.org.gradle.process.internal.worker.GradleWorkerMain.main(GradleWorkerMain.java:74) [gradle-worker.jar:?]
[09:21:53] [Test worker/INFO]: Starts to replace vanilla recipe ingredients with ore ingredients.
[09:21:53] [Test worker/INFO]: Invalid recipe found with multiple oredict ingredients in the same ingredient...
[09:21:53] [Test worker/INFO]: Replaced 1227 ore ingredients
[09:21:53] [Test worker/WARN]: arPhantomOreNoItems77 is a known ore dictionary name but has no registered items (providing mod not installed?); skipping laser drill ore entry
[09:21:53] [Test worker/WARN]: Dim 7302 has no biomes to save!
[09:21:53] [Test worker/WARN]:  is not a valid biome id or name
